/data/Flore/Flore.img/photos
/data/Flore/Flore.img/photos/Euphorbia_exigua
/data/Flore/Flore.img/photos/Euphorbia_exigua/Euphorbia_exigua.2.jpg
/data/Flore/Flore.img/photos/Euphorbia_exigua/Euphorbia_exigua.4.jpg
/data/Flore/Flore.img/photos/Euphorbia_exigua/Euphorbia_exigua.3.jpg
/data/Flore/Flore.img/photos/Euphorbia_exigua/Euphorbia_exigua.1.jpg
/data/Flore/Flore.img/photos/Veronica_persica
/data/Flore/Flore.img/photos/Veronica_persica/Veronica_persica.1.jpg
/data/Flore/Flore.img/photos/Veronica_persica/Veronica_persica.2.jpg
/data/Flore/Flore.img/photos/Veronica_persica/Veronica_persica.4.jpg
/data/Flore/Flore.img/photos/Veronica_persica/Veronica_persica.5.jpg
/data/Flore/Flore.img/photos/Veronica_persica/Veronica_persica.3.jpg
/data/Flore/Flore.img/photos/Galeopsis_tetrahit
/data/Flore/Flore.img/photos/Galeopsis_tetrahit/Galeopsis_tetrahit.2.jpg
/data/Flore/Flore.img/photos/Galeopsis_tetrahit/Galeopsis_tetrahit.4.jpg
/data/Flore/Flore.img/photos/Galeopsis_tetrahit/Galeopsis_tetrahit.1.jpg
/data/Flore/Flore.img/photos/Galeopsis_tetrahit/Galeopsis_tetrahit.3.jpg
/data/Flore/Flore.img/photos/Galeopsis_tetrahit/Galeopsis_tetrahit.7.jpg
/data/Flore/Flore.img/photos/Galeopsis_tetrahit/Galeopsis_tetrahit.8.jpg
/data/Flore/Flore.img/photos/Galeopsis_tetrahit/Galeopsis_tetrahit.5.jpg
/data/Flore/Flore.img/photos/Galeopsis_tetrahit/Galeopsis_tetrahit.6.jpg
/data/Flore/Flore.img/photos/Asplenium_fissum
/data/Flore/Flore.img/photos/Asplenium_fissum/Asplenium_fissum.3.jpg
/data/Flore/Flore.img/photos/Asplenium_fissum/Asplenium_fissum.4.jpg
/data/Flore/Flore.img/photos/Asplenium_fissum/Asplenium_fissum.1.jpg
/data/Flore/Flore.img/photos/Asplenium_fissum/Asplenium_fissum.2.jpg
/data/Flore/Flore.img/photos/Alisma_lanceolatum
/data/Flore/Flore.img/photos/Alisma_lanceolatum/Alisma_lanceolatum.2.jpg
/data/Flore/Flore.img/photos/Alisma_lanceolatum/Alisma_lanceolatum.1.jpg
/data/Flore/Flore.img/photos/Alisma_lanceolatum/Alisma_lanceolatum.9.jpg
/data/Flore/Flore.img/photos/Alisma_lanceolatum/Alisma_lanceolatum.3.jpg
/data/Flore/Flore.img/photos/Alisma_lanceolatum/Alisma_lanceolatum.4.jpg
/data/Flore/Flore.img/photos/Alisma_lanceolatum/Alisma_lanceolatum.8.jpg
/data/Flore/Flore.img/photos/Lemna_trisulca
/data/Flore/Flore.img/photos/Lemna_trisulca/Lemna_trisulca.3.jpg
/data/Flore/Flore.img/photos/Lemna_trisulca/Lemna_trisulca.2.jpg
/data/Flore/Flore.img/photos/Lemna_trisulca/Lemna_trisulca.1.jpg
/data/Flore/Flore.img/photos/Asplenium_viride
/data/Flore/Flore.img/photos/Asplenium_viride/Asplenium_viride.5.jpg
/data/Flore/Flore.img/photos/Asplenium_viride/Asplenium_viride.3.jpg
/data/Flore/Flore.img/photos/Asplenium_viride/Asplenium_viride.4.jpg
/data/Flore/Flore.img/photos/Asplenium_viride/Asplenium_viride.1.jpg
/data/Flore/Flore.img/photos/Asplenium_viride/Asplenium_viride.6.jpg
/data/Flore/Flore.img/photos/Asplenium_fontanum
/data/Flore/Flore.img/photos/Asplenium_fontanum/Asplenium_fontanum.3.jpg
/data/Flore/Flore.img/photos/Asplenium_fontanum/Asplenium_fontanum.2.jpg
/data/Flore/Flore.img/photos/Asplenium_fontanum/Asplenium_fontanum.4.jpg
/data/Flore/Flore.img/photos/Asplenium_fontanum/Asplenium_fontanum.1.jpg
/data/Flore/Flore.img/photos/Asplenium_fontanum/Asplenium_fontanum.5.jpg
/data/Flore/Flore.img/photos/Coriaria_myrtifolia
/data/Flore/Flore.img/photos/Coriaria_myrtifolia/Coriaria_myrtifolia.3.jpg
/data/Flore/Flore.img/photos/Coriaria_myrtifolia/Coriaria_myrtifolia.2.jpg
/data/Flore/Flore.img/photos/Coriaria_myrtifolia/Coriaria_myrtifolia.1.jpg
/data/Flore/Flore.img/photos/Coriaria_myrtifolia/Coriaria_myrtifolia.5.jpg
/data/Flore/Flore.img/photos/Coriaria_myrtifolia/Coriaria_myrtifolia.6.jpg
/data/Flore/Flore.img/photos/Coriaria_myrtifolia/Coriaria_myrtifolia.4.jpg
/data/Flore/Flore.img/photos/Ambrosina_bassii
/data/Flore/Flore.img/photos/Ambrosina_bassii/Ambrosina_bassii.2.jpg
/data/Flore/Flore.img/photos/Ambrosina_bassii/Ambrosina_bassii.3.jpg
/data/Flore/Flore.img/photos/Ambrosina_bassii/Ambrosina_bassii.4.jpg
/data/Flore/Flore.img/photos/Ambrosina_bassii/Ambrosina_bassii.1.jpg
/data/Flore/Flore.img/photos/Arum_pictum
/data/Flore/Flore.img/photos/Arum_pictum/Arum_pictum.1.jpg
/data/Flore/Flore.img/photos/Arum_pictum/Arum_pictum.2.jpg
/data/Flore/Flore.img/photos/Arum_pictum/Arum_pictum.3.jpg
/data/Flore/Flore.img/photos/Arum_pictum/Arum_pictum.4.jpg
/data/Flore/Flore.img/photos/Cyrtomium_falcatum
/data/Flore/Flore.img/photos/Cyrtomium_falcatum/Cyrtomium_falcatum.1.jpg
/data/Flore/Flore.img/photos/Cyrtomium_falcatum/Cyrtomium_falcatum.5.jpg
/data/Flore/Flore.img/photos/Cyrtomium_falcatum/Cyrtomium_falcatum.3.jpg
/data/Flore/Flore.img/photos/Asplenium_sagittatum
/data/Flore/Flore.img/photos/Asplenium_sagittatum/Asplenium_sagittatum.1.jpg
/data/Flore/Flore.img/photos/Asplenium_sagittatum/Asplenium_sagittatum.4.jpg
/data/Flore/Flore.img/photos/Asplenium_sagittatum/Asplenium_sagittatum.3.jpg
/data/Flore/Flore.img/photos/Asplenium_sagittatum/Asplenium_sagittatum.2.jpg
/data/Flore/Flore.img/photos/Cardamine_hirsuta
/data/Flore/Flore.img/photos/Cardamine_hirsuta/Cardamine_hirsuta.3.jpg
/data/Flore/Flore.img/photos/Cardamine_hirsuta/Cardamine_hirsuta.1.jpg
/data/Flore/Flore.img/photos/Cardamine_hirsuta/Cardamine_hirsuta.5.jpg
/data/Flore/Flore.img/photos/Cardamine_hirsuta/Cardamine_hirsuta.2.jpg
/data/Flore/Flore.img/photos/Cardamine_hirsuta/Cardamine_hirsuta.6.jpg
/data/Flore/Flore.img/photos/Cardamine_hirsuta/Cardamine_hirsuta.4.jpg
/data/Flore/Flore.img/photos/Dracunculus_vulgaris
/data/Flore/Flore.img/photos/Dracunculus_vulgaris/Dracunculus_vulgaris.3.jpg
/data/Flore/Flore.img/photos/Dracunculus_vulgaris/Dracunculus_vulgaris.2.jpg
/data/Flore/Flore.img/photos/Dracunculus_vulgaris/Dracunculus_vulgaris.4.jpg
/data/Flore/Flore.img/photos/Dracunculus_vulgaris/Dracunculus_vulgaris.1.jpg
/data/Flore/Flore.img/photos/Veronica_hederifolia
/data/Flore/Flore.img/photos/Veronica_hederifolia/Veronica_hederifolia.2.jpg
/data/Flore/Flore.img/photos/Veronica_hederifolia/Veronica_hederifolia.5.jpg
/data/Flore/Flore.img/photos/Veronica_hederifolia/Veronica_hederifolia.3.jpg
/data/Flore/Flore.img/photos/Veronica_hederifolia/Veronica_hederifolia.4.jpg
/data/Flore/Flore.img/photos/Veronica_hederifolia/Veronica_hederifolia.1.jpg
/data/Flore/Flore.img/photos/Asplenium_foreziense
/data/Flore/Flore.img/photos/Asplenium_foreziense/Asplenium_foreziense.4.jpg
/data/Flore/Flore.img/photos/Asplenium_foreziense/Asplenium_foreziense.1.jpg
/data/Flore/Flore.img/photos/Asplenium_foreziense/Asplenium_foreziense.3.jpg
/data/Flore/Flore.img/photos/Asplenium_foreziense/Asplenium_foreziense.2.jpg
/data/Flore/Flore.img/photos/Alisma_gramineum
/data/Flore/Flore.img/photos/Alisma_gramineum/Alisma_gramineum.5.jpg
/data/Flore/Flore.img/photos/Alisma_gramineum/Alisma_gramineum.2.jpg
/data/Flore/Flore.img/photos/Alisma_gramineum/Alisma_gramineum.7.jpg
/data/Flore/Flore.img/photos/Alisma_gramineum/Alisma_gramineum.0.jpg
/data/Flore/Flore.img/photos/Alisma_gramineum/Alisma_gramineum.6.jpg
/data/Flore/Flore.img/photos/Alisma_gramineum/Alisma_gramineum.1.jpg
/data/Flore/Flore.img/photos/Dryopteris_affinis_cambrensis
/data/Flore/Flore.img/photos/Dryopteris_affinis_cambrensis/Dryopteris_affinis_cambrensis.2.jpg
/data/Flore/Flore.img/photos/Dryopteris_affinis_cambrensis/Dryopteris_affinis_cambrensis.4.jpg
/data/Flore/Flore.img/photos/Dryopteris_affinis_cambrensis/Dryopteris_affinis_cambrensis.1.jpg
/data/Flore/Flore.img/photos/Dryopteris_affinis_cambrensis/Dryopteris_affinis_cambrensis.5.jpg
/data/Flore/Flore.img/photos/Dryopteris_affinis
/data/Flore/Flore.img/photos/Dryopteris_affinis/Dryopteris_affinis.2.jpg
/data/Flore/Flore.img/photos/Dryopteris_affinis/Dryopteris_affinis.4.jpg
/data/Flore/Flore.img/photos/Dryopteris_affinis/Dryopteris_affinis.5.jpg
/data/Flore/Flore.img/photos/Dryopteris_affinis/Dryopteris_affinis.1.jpg
/data/Flore/Flore.img/photos/Lemna_gibba
/data/Flore/Flore.img/photos/Lemna_gibba/Lemna_gibba.3.jpg
/data/Flore/Flore.img/photos/Lemna_gibba/Lemna_gibba.2.jpg
/data/Flore/Flore.img/photos/Lemna_gibba/Lemna_gibba.1.jpg
/data/Flore/Flore.img/photos/Lemna_gibba/Lemna_gibba.4.jpg
/data/Flore/Flore.img/photos/Arum_italicum
/data/Flore/Flore.img/photos/Arum_italicum/Arum_italicum.3.jpg
/data/Flore/Flore.img/photos/Arum_italicum/Arum_italicum.4.jpg
/data/Flore/Flore.img/photos/Arum_italicum/Arum_italicum.2.jpg
/data/Flore/Flore.img/photos/Arum_italicum/Arum_italicum.1.jpg
/data/Flore/Flore.img/photos/Asplenium_marinum
/data/Flore/Flore.img/photos/Asplenium_marinum/Asplenium_marinum.4.jpg
/data/Flore/Flore.img/photos/Asplenium_marinum/Asplenium_marinum.1.jpg
/data/Flore/Flore.img/photos/Asplenium_marinum/Asplenium_marinum.5.jpg
/data/Flore/Flore.img/photos/Asplenium_marinum/Asplenium_marinum.2.jpg
/data/Flore/Flore.img/photos/Asplenium_marinum/Asplenium_marinum.3.jpg
/data/Flore/Flore.img/photos/Caldesia_parnassifolia
/data/Flore/Flore.img/photos/Caldesia_parnassifolia/Caldesia_parnassifolia.7.jpg
/data/Flore/Flore.img/photos/Caldesia_parnassifolia/Caldesia_parnassifolia.6.jpg
/data/Flore/Flore.img/photos/Caldesia_parnassifolia/Caldesia_parnassifolia.4.jpg
/data/Flore/Flore.img/photos/Caldesia_parnassifolia/Caldesia_parnassifolia.1.jpg
/data/Flore/Flore.img/photos/Caldesia_parnassifolia/Caldesia_parnassifolia.3.jpg
/data/Flore/Flore.img/photos/Caldesia_parnassifolia/Caldesia_parnassifolia.2.jpg
/data/Flore/Flore.img/photos/Melilotus_albus
/data/Flore/Flore.img/photos/Melilotus_albus/Melilotus_albus.5.jpg
/data/Flore/Flore.img/photos/Melilotus_albus/Melilotus_albus.4.jpg
/data/Flore/Flore.img/photos/Melilotus_albus/Melilotus_albus.1.jpg
/data/Flore/Flore.img/photos/Melilotus_albus/Melilotus_albus.3.jpg
/data/Flore/Flore.img/photos/Asplenium_alternifolium
/data/Flore/Flore.img/photos/Asplenium_alternifolium/Asplenium_alternifolium.3.jpg
/data/Flore/Flore.img/photos/Asplenium_alternifolium/Asplenium_alternifolium.2.jpg
/data/Flore/Flore.img/photos/Asplenium_alternifolium/Asplenium_alternifolium.1.jpg
/data/Flore/Flore.img/photos/Woodwardia_radicans
/data/Flore/Flore.img/photos/Woodwardia_radicans/Woodwardia_radicans.2.jpg
/data/Flore/Flore.img/photos/Woodwardia_radicans/Woodwardia_radicans.1.jpg
/data/Flore/Flore.img/photos/Woodwardia_radicans/Woodwardia_radicans.3.jpg
/data/Flore/Flore.img/photos/Woodwardia_radicans/Woodwardia_radicans.4.jpg
/data/Flore/Flore.img/photos/Pteridium_aquilinum
/data/Flore/Flore.img/photos/Pteridium_aquilinum/Pteridium_aquilinum.4.jpg
/data/Flore/Flore.img/photos/Pteridium_aquilinum/Pteridium_aquilinum.7.jpg
/data/Flore/Flore.img/photos/Pteridium_aquilinum/Pteridium_aquilinum.5.jpg
/data/Flore/Flore.img/photos/Pteridium_aquilinum/Pteridium_aquilinum.6.jpg
/data/Flore/Flore.img/photos/Pteridium_aquilinum/Pteridium_aquilinum.1.jpg
/data/Flore/Flore.img/photos/Pteridium_aquilinum/Pteridium_aquilinum.9.jpg
/data/Flore/Flore.img/photos/Pteridium_aquilinum/Pteridium_aquilinum.8.jpg
/data/Flore/Flore.img/photos/Pteridium_aquilinum/Pteridium_aquilinum.2.jpg
/data/Flore/Flore.img/photos/Arisarum_vulgare
/data/Flore/Flore.img/photos/Arisarum_vulgare/Arisarum_vulgare.2.jpg
/data/Flore/Flore.img/photos/Arisarum_vulgare/Arisarum_vulgare.1.jpg
/data/Flore/Flore.img/photos/Arisarum_vulgare/Arisarum_vulgare.3.jpg
/data/Flore/Flore.img/photos/Erinus_alpinus
/data/Flore/Flore.img/photos/Erinus_alpinus/Erinus_alpinus.4.jpg
/data/Flore/Flore.img/photos/Erinus_alpinus/Erinus_alpinus.5.jpg
/data/Flore/Flore.img/photos/Erinus_alpinus/Erinus_alpinus.3.jpg
/data/Flore/Flore.img/photos/Erinus_alpinus/Erinus_alpinus.1.jpg
/data/Flore/Flore.img/photos/Dryopteris_carthusiana
/data/Flore/Flore.img/photos/Dryopteris_carthusiana/Dryopteris_carthusiana.7.jpg
/data/Flore/Flore.img/photos/Dryopteris_carthusiana/Dryopteris_carthusiana.1.jpg
/data/Flore/Flore.img/photos/Dryopteris_carthusiana/Dryopteris_carthusiana.4.jpg
/data/Flore/Flore.img/photos/Dryopteris_carthusiana/Dryopteris_carthusiana.5.jpg
/data/Flore/Flore.img/photos/Dryopteris_carthusiana/Dryopteris_carthusiana.6.jpg
/data/Flore/Flore.img/photos/Asplenium_adiantum-nigrum
/data/Flore/Flore.img/photos/Asplenium_adiantum-nigrum/Asplenium_adiantum-nigrum.4.jpg
/data/Flore/Flore.img/photos/Asplenium_adiantum-nigrum/Asplenium_adiantum-nigrum.3.jpg
/data/Flore/Flore.img/photos/Asplenium_adiantum-nigrum/Asplenium_adiantum-nigrum.2.jpg
/data/Flore/Flore.img/photos/Asplenium_adiantum-nigrum/Asplenium_adiantum-nigrum.1.jpg
/data/Flore/Flore.img/photos/Asplenium_ceterach
/data/Flore/Flore.img/photos/Asplenium_ceterach/Asplenium_ceterach.1.jpg
/data/Flore/Flore.img/photos/Asplenium_ceterach/Asplenium_ceterach.2.jpg
/data/Flore/Flore.img/photos/Asplenium_ceterach/Asplenium_ceterach.4.jpg
/data/Flore/Flore.img/photos/Asplenium_ceterach/Asplenium_ceterach.3.jpg
/data/Flore/Flore.img/photos/Lemna_minor
/data/Flore/Flore.img/photos/Lemna_minor/Lemna_minor.1.jpg
/data/Flore/Flore.img/photos/Lemna_minor/Lemna_minor.2.jpg
/data/Flore/Flore.img/photos/Lemna_minor/Lemna_minor.3.jpg
/data/Flore/Flore.img/photos/Honorius_nutans
/data/Flore/Flore.img/photos/Honorius_nutans/Honorius_nutans.7.jpg
/data/Flore/Flore.img/photos/Honorius_nutans/Honorius_nutans.8.jpg
/data/Flore/Flore.img/photos/Honorius_nutans/Honorius_nutans.2.jpg
/data/Flore/Flore.img/photos/Honorius_nutans/Honorius_nutans.1.jpg
/data/Flore/Flore.img/photos/Honorius_nutans/Honorius_nutans.6.jpg
/data/Flore/Flore.img/photos/Honorius_nutans/Honorius_nutans.3.jpg
/data/Flore/Flore.img/photos/Honorius_nutans/Honorius_nutans.0.jpg
/data/Flore/Flore.img/photos/Asplenium_petrarchae
/data/Flore/Flore.img/photos/Asplenium_petrarchae/Asplenium_petrarchae.3.jpg
/data/Flore/Flore.img/photos/Asplenium_petrarchae/Asplenium_petrarchae.2.jpg
/data/Flore/Flore.img/photos/Asplenium_petrarchae/Asplenium_petrarchae.1.jpg
/data/Flore/Flore.img/photos/Asplenium_petrarchae/Asplenium_petrarchae.5.jpg
/data/Flore/Flore.img/photos/Asplenium_petrarchae/Asplenium_petrarchae.4.jpg
/data/Flore/Flore.img/photos/Thymus_praecox
/data/Flore/Flore.img/photos/Thymus_praecox/Thymus_praecox.3.jpg
/data/Flore/Flore.img/photos/Thymus_praecox/Thymus_praecox.4.jpg
/data/Flore/Flore.img/photos/Thymus_praecox/Thymus_praecox.2.jpg
/data/Flore/Flore.img/photos/Thymus_praecox/Thymus_praecox.1.jpg
/data/Flore/Flore.img/photos/Asplenium_septentrionale
/data/Flore/Flore.img/photos/Asplenium_septentrionale/Asplenium_septentrionale.4.jpg
/data/Flore/Flore.img/photos/Asplenium_septentrionale/Asplenium_septentrionale.5.jpg
/data/Flore/Flore.img/photos/Asplenium_septentrionale/Asplenium_septentrionale.2.jpg
/data/Flore/Flore.img/photos/Asplenium_septentrionale/Asplenium_septentrionale.1.jpg
/data/Flore/Flore.img/photos/Asplenium_septentrionale/Asplenium_septentrionale.3.jpg
/data/Flore/Flore.img/photos/Arum_maculatum
/data/Flore/Flore.img/photos/Arum_maculatum/Arum_maculatum.4.jpg
/data/Flore/Flore.img/photos/Arum_maculatum/Arum_maculatum.3.jpg
/data/Flore/Flore.img/photos/Arum_maculatum/Arum_maculatum.1.jpg
/data/Flore/Flore.img/photos/Arum_maculatum/Arum_maculatum.2.jpg
/data/Flore/Flore.img/photos/Wolffia_arrhiza
/data/Flore/Flore.img/photos/Wolffia_arrhiza/Wolffia_arrhiza.2.jpg
/data/Flore/Flore.img/photos/Wolffia_arrhiza/Wolffia_arrhiza.1.jpg
/data/Flore/Flore.img/photos/Dipcadi_serotinum
/data/Flore/Flore.img/photos/Dipcadi_serotinum/Dipcadi_serotinum.2.jpg
/data/Flore/Flore.img/photos/Dipcadi_serotinum/Dipcadi_serotinum.6.jpg
/data/Flore/Flore.img/photos/Dipcadi_serotinum/Dipcadi_serotinum.8.jpg
/data/Flore/Flore.img/photos/Dipcadi_serotinum/Dipcadi_serotinum.3.jpg
/data/Flore/Flore.img/photos/Dipcadi_serotinum/Dipcadi_serotinum.5.jpg
/data/Flore/Flore.img/photos/Dipcadi_serotinum/Dipcadi_serotinum.4.jpg
/data/Flore/Flore.img/photos/Dipcadi_serotinum/Dipcadi_serotinum.1.jpg
/data/Flore/Flore.img/photos/Dipcadi_serotinum/Dipcadi_serotinum.7.jpg
/data/Flore/Flore.img/photos/Asplenium_trichomanes
/data/Flore/Flore.img/photos/Asplenium_trichomanes/Asplenium_trichomanes.3.jpg
/data/Flore/Flore.img/photos/Asplenium_trichomanes/Asplenium_trichomanes.5.jpg
/data/Flore/Flore.img/photos/Asplenium_trichomanes/Asplenium_trichomanes.4.jpg
/data/Flore/Flore.img/photos/Asplenium_trichomanes/Asplenium_trichomanes.2.jpg
/data/Flore/Flore.img/photos/Asplenium_trichomanes/Asplenium_trichomanes.1.jpg
/data/Flore/Flore.img/photos/Blechnum_spicant
/data/Flore/Flore.img/photos/Blechnum_spicant/Blechnum_spicant.1.jpg
/data/Flore/Flore.img/photos/Blechnum_spicant/Blechnum_spicant.5.jpg
/data/Flore/Flore.img/photos/Blechnum_spicant/Blechnum_spicant.6.jpg
/data/Flore/Flore.img/photos/Blechnum_spicant/Blechnum_spicant.2.jpg
/data/Flore/Flore.img/photos/Blechnum_spicant/Blechnum_spicant.8.jpg
/data/Flore/Flore.img/photos/Blechnum_spicant/Blechnum_spicant.4.jpg
/data/Flore/Flore.img/photos/Azolla_mexicana
/data/Flore/Flore.img/photos/Azolla_mexicana/Azolla_mexicana.4.jpg
/data/Flore/Flore.img/photos/Azolla_mexicana/Azolla_mexicana.3.jpg
/data/Flore/Flore.img/photos/Azolla_mexicana/Azolla_mexicana.2.jpg
/data/Flore/Flore.img/photos/Asplenium_ruta-muraria
/data/Flore/Flore.img/photos/Asplenium_ruta-muraria/Asplenium_ruta-muraria.1.jpg
/data/Flore/Flore.img/photos/Asplenium_ruta-muraria/Asplenium_ruta-muraria.2.jpg
/data/Flore/Flore.img/photos/Asplenium_ruta-muraria/Asplenium_ruta-muraria.3.jpg
/data/Flore/Flore.img/photos/Asplenium_ruta-muraria/Asplenium_ruta-muraria.4.jpg
/data/Flore/Flore.img/photos/Asplenium_scolopendrium
/data/Flore/Flore.img/photos/Asplenium_scolopendrium/Asplenium_scolopendrium.1.jpg
/data/Flore/Flore.img/photos/Asplenium_scolopendrium/Asplenium_scolopendrium.5.jpg
/data/Flore/Flore.img/photos/Asplenium_scolopendrium/Asplenium_scolopendrium.4.jpg
/data/Flore/Flore.img/photos/Asplenium_scolopendrium/Asplenium_scolopendrium.3.jpg
/data/Flore/Flore.img/photos/Asplenium_scolopendrium/Asplenium_scolopendrium.2.jpg
/data/Flore/Flore.img/photos/Asplenium_billotii
/data/Flore/Flore.img/photos/Asplenium_billotii/Asplenium_billotii.5.jpg
/data/Flore/Flore.img/photos/Asplenium_billotii/Asplenium_billotii.1.jpg
/data/Flore/Flore.img/photos/Asplenium_billotii/Asplenium_billotii.2.jpg
/data/Flore/Flore.img/photos/Asplenium_billotii/Asplenium_billotii.3.jpg
/data/Flore/Flore.img/photos/Asplenium_billotii/Asplenium_billotii.4.jpg
/data/Flore/Flore.img/photos/Epilobium_tetragonum
/data/Flore/Flore.img/photos/Epilobium_tetragonum/Epilobium_tetragonum.7.jpg
/data/Flore/Flore.img/photos/Epilobium_tetragonum/Epilobium_tetragonum.8.jpg
/data/Flore/Flore.img/photos/Epilobium_tetragonum/Epilobium_tetragonum.4.jpg
/data/Flore/Flore.img/photos/Epilobium_tetragonum/Epilobium_tetragonum.3.jpg
/data/Flore/Flore.img/photos/Epilobium_tetragonum/Epilobium_tetragonum.13.jpg
/data/Flore/Flore.img/photos/Epilobium_tetragonum/Epilobium_tetragonum.12.jpg
/data/Flore/Flore.img/photos/Epilobium_tetragonum/Epilobium_tetragonum.5.jpg
/data/Flore/Flore.img/photos/Epilobium_tetragonum/Epilobium_tetragonum.10.jpg
/data/Flore/Flore.img/photos/Epilobium_tetragonum/Epilobium_tetragonum.9.jpg
/data/Flore/Flore.img/photos/Epilobium_tetragonum/Epilobium_tetragonum.20.jpg
/data/Flore/Flore.img/photos/Epilobium_tetragonum/Epilobium_tetragonum.14.jpg
/data/Flore/Flore.img/photos/Epilobium_tetragonum/Epilobium_tetragonum.11.jpg
/data/Flore/Flore.img/photos/Baldellia_ranunculoides
/data/Flore/Flore.img/photos/Baldellia_ranunculoides/Baldellia_ranunculoides.2.jpg
/data/Flore/Flore.img/photos/Baldellia_ranunculoides/Baldellia_ranunculoides.5.jpg
/data/Flore/Flore.img/photos/Baldellia_ranunculoides/Baldellia_ranunculoides.8.jpg
/data/Flore/Flore.img/photos/Baldellia_ranunculoides/Baldellia_ranunculoides.4.jpg
/data/Flore/Flore.img/photos/Baldellia_ranunculoides/Baldellia_ranunculoides.1.jpg
/data/Flore/Flore.img/photos/Dryopteris_cristata
/data/Flore/Flore.img/photos/Dryopteris_cristata/Dryopteris_cristata.3.jpg
/data/Flore/Flore.img/photos/Dryopteris_cristata/Dryopteris_cristata.5.jpg
/data/Flore/Flore.img/photos/Dryopteris_cristata/Dryopteris_cristata.1.jpg
/data/Flore/Flore.img/photos/Dryopteris_cristata/Dryopteris_cristata.6.jpg
/data/Flore/Flore.img/photos/Dryopteris_cristata/Dryopteris_cristata.2.jpg
/data/Flore/Flore.img/photos/Iris_latifolia
/data/Flore/Flore.img/photos/Iris_latifolia/Iris_Latifolia.6.jpg
/data/Flore/Flore.img/photos/Iris_latifolia/Iris-latifolia-3.jpg
/data/Flore/Flore.img/photos/Iris_latifolia/Iris_Latifolia.1.jpg
/data/Flore/Flore.img/photos/Iris_latifolia/Iris_Latifolia.5.jpg
/data/Flore/Flore.img/photos/Iris_latifolia/Iris_Latifolia.4.jpg
/data/Flore/Flore.img/photos/Clypeola_jonthlaspi
/data/Flore/Flore.img/photos/Clypeola_jonthlaspi/Clypeola_jonthlaspi.4.jpg
/data/Flore/Flore.img/photos/Clypeola_jonthlaspi/Clypeola_jonthlaspi.1.jpg
/data/Flore/Flore.img/photos/Clypeola_jonthlaspi/Clypeola_jonthlaspi.3.jpg
/data/Flore/Flore.img/photos/Clypeola_jonthlaspi/Clypeola_jonthlaspi.2.jpg
/data/Flore/Flore.img/photos/Cyrtomium_fortunei
/data/Flore/Flore.img/photos/Cyrtomium_fortunei/Cyrtomium_fortunei.2.jpg
/data/Flore/Flore.img/photos/Cyrtomium_fortunei/Cyrtomium_fortunei.3.jpg
/data/Flore/Flore.img/photos/Cyrtomium_fortunei/Cyrtomium_fortunei.1.jpg
/data/Flore/Flore.img/photos/Calla_palustris
/data/Flore/Flore.img/photos/Calla_palustris/Calla_palustris.1.jpg
/data/Flore/Flore.img/photos/Calla_palustris/Calla_palustris.4.jpg
/data/Flore/Flore.img/photos/Calla_palustris/Calla_palustris.3.jpg
/data/Flore/Flore.img/photos/Calla_palustris/Calla_palustris.2.jpg
/data/Flore/Flore.img/photos/Damasonium_alisma
/data/Flore/Flore.img/photos/Damasonium_alisma/Damasonium_alisma.5.jpg
/data/Flore/Flore.img/photos/Damasonium_alisma/Damasonium_alisma.8.jpg
/data/Flore/Flore.img/photos/Damasonium_alisma/Damasonium_alisma.1.jpg
/data/Flore/Flore.img/photos/Damasonium_alisma/Damasonium_alisma.9.jpg
/data/Flore/Flore.img/photos/Damasonium_alisma/Damasonium_alisma.3.jpg
/data/Flore/Flore.img/photos/Damasonium_alisma/Damasonium_alisma.2.jpg
/data/Flore/Flore.img/photos/Damasonium_alisma/Damasonium_alisma.4.jpg
/data/Flore/Flore.img/photos/Azolla_filiculoides
/data/Flore/Flore.img/photos/Azolla_filiculoides/Azolla_filiculoides.4.jpg
/data/Flore/Flore.img/photos/Azolla_filiculoides/Azolla_filiculoides.2.jpg
/data/Flore/Flore.img/photos/Azolla_filiculoides/Azolla_filiculoides.3.jpg
/data/Flore/Flore.img/photos/Azolla_filiculoides/Azolla_filiculoides.1.jpg
/data/Flore/Flore.img/photos/Azolla_filiculoides/Azolla_filiculoides.6.jpg
/data/Flore/Flore.img/photos/Azolla_filiculoides/Azolla_filiculoides.5.jpg
/data/Flore/Flore.img/photos/Paronychia_capitata
/data/Flore/Flore.img/photos/Paronychia_capitata/Paronychia_capitata.6.jpg
/data/Flore/Flore.img/photos/Paronychia_capitata/Paronychia_capitata.4.jpg
/data/Flore/Flore.img/photos/Paronychia_capitata/Paronychia_capitata.5.jpg
/data/Flore/Flore.img/photos/Paronychia_capitata/Paronychia_capitata.1.jpg
/data/Flore/Flore.img/photos/Paronychia_capitata/Paronychia_capitata.2.jpg
/data/Flore/Flore.img/photos/Spirodela_polyrhiza
/data/Flore/Flore.img/photos/Spirodela_polyrhiza/Spirodela_polyrhiza.3.jpg
/data/Flore/Flore.img/photos/Spirodela_polyrhiza/Spirodela_polyrhiza.1.jpg
/data/Flore/Flore.img/photos/Spirodela_polyrhiza/Spirodela_polyrhiza.2.jpg
/data/Flore/Flore.img/photos/Alisma_plantago-aquatica
/data/Flore/Flore.img/photos/Alisma_plantago-aquatica/Alisma_plantago-aquatica.8.jpg
/data/Flore/Flore.img/photos/Alisma_plantago-aquatica/Alisma_plantago-aquatica.4.jpg
/data/Flore/Flore.img/photos/Alisma_plantago-aquatica/Alisma_plantago-aquatica.2.jpg
/data/Flore/Flore.img/photos/Alisma_plantago-aquatica/Alisma_plantago-aquatica.7.jpg
/data/Flore/Flore.img/photos/Alisma_plantago-aquatica/Alisma_plantago-aquatica.1.jpg
/data/Flore/Flore.img/photos/Melilotus_officinalis
/data/Flore/Flore.img/photos/Melilotus_officinalis/Melilotus_officinalis.5.jpg
/data/Flore/Flore.img/photos/Melilotus_officinalis/Melilotus_officinalis.7.jpg
/data/Flore/Flore.img/photos/Melilotus_officinalis/Melilotus_officinalis.6.jpg
/data/Flore/Flore.img/photos/Melilotus_officinalis/Melilotus_officinalis.1.jpg
/data/Flore/Flore.img/photos/Melilotus_officinalis/Melilotus_officinalis.2.jpg
/data/Flore/Flore.img/photos/Melilotus_officinalis/Melilotus_officinalis.3.jpg
/data/Flore/Flore.img/photos/Acorus_calamus
/data/Flore/Flore.img/photos/Acorus_calamus/Acorus_calamus.8.jpg
/data/Flore/Flore.img/photos/Acorus_calamus/Acorus_calamus.1.jpg
/data/Flore/Flore.img/photos/Acorus_calamus/Acorus_calamus.3.jpg
/data/Flore/Flore.img/photos/Acorus_calamus/Acorus_calamus.2.jpg
/data/Flore/Flore.img/photos/Acorus_calamus/Acorus_calamus.7.jpg
/data/Flore/Flore.img/photos/Acorus_calamus/Acorus_calamus.6.jpg
/data/Flore/Flore.img/photos/Acorus_calamus/x800-Acorus_calamus_002.JPG
/data/Flore/Flore.img/photos/Dryopteris_aemula
/data/Flore/Flore.img/photos/Dryopteris_aemula/Dryopteris_aemula.6.jpg
/data/Flore/Flore.img/photos/Dryopteris_aemula/Dryopteris_aemula.3.jpg
/data/Flore/Flore.img/photos/Dryopteris_aemula/Dryopteris_aemula.2.jpg
/data/Flore/Flore.img/photos/Dryopteris_aemula/Dryopteris_aemula.4.jpg
/data/Flore/Flore.img/photos/Dryopteris_aemula/Dryopteris_aemula.1.jpg
/data/Flore/Flore.img/photos/Helicodiceros_muscivorus
/data/Flore/Flore.img/photos/Helicodiceros_muscivorus/Helicodiceros_muscivorus.2.jpg
/data/Flore/Flore.img/photos/Helicodiceros_muscivorus/Helicodiceros_muscivorus.1.jpg
/data/Flore/Flore.img/photos/Helicodiceros_muscivorus/Helicodiceros_muscivorus.3.jpg
